// Jest Snapshot v1, https://goo.gl/fbAQLP

exports[`Dropdown Component unit tests Renders Dropdown 1`] = `[Function]`;
