// Jest Snapshot v1, https://goo.gl/fbAQLP

exports[`Nav component test suite Matches snapshot 1`] = `[Function]`;
