// Jest Snapshot v1, https://goo.gl/fbAQLP

exports[`ProductView component test suite Renders ProductView to match snapshot 1`] = `[Function]`;
